Traceback (most recent call last):
  File "C:\Users\mbonatte\Documents\Coding\histra-job-runner\src\histra_runner\runner.py", line 123, in run
    backend_result = self.backend.run_job(
                     ^^^^^^^^^^^^^^^^^^^^^
  File "C:\Users\mbonatte\Documents\Coding\histra-job-runner\src\histra_runner\backends\python.py", line 109, in run_job
    result = histra.run_python_solver_job(
             ^^^^^^^^^^^^^^^^^^^^^^^^^^^^^
  File "C:\Users\mbonatte\Documents\Coding\histra-job-runner\.venv\Lib\site-packages\histra\solver\backend_api.py", line 164, in run_python_solver_job
    execution = session.run(definition, should_cancel=analysis_cancelled)
                ^^^^^^^^^^^^^^^^^^^^^^^^^^^^^^^^^^^^^^^^^^^^^^^^^^^^^^^^^
  File "C:\Users\mbonatte\Documents\Coding\histra-job-runner\.venv\Lib\site-packages\histra\solver\session.py", line 150, in run
    code, raw_steps = solve_static_nonlinear(
                      ^^^^^^^^^^^^^^^^^^^^^^^
  File "C:\Users\mbonatte\Documents\Coding\histra-job-runner\.venv\Lib\site-packages\histra\solver\solve.py", line 57, in solve_static_nonlinear
    return _solve_static_nonlinear_impl(
           ^^^^^^^^^^^^^^^^^^^^^^^^^^^^^
  File "C:\Users\mbonatte\Documents\Coding\histra-job-runner\.venv\Lib\site-packages\histra\solver\solve.py", line 261, in _solve_static_nonlinear_impl
    result = algorithm.solve_current_step(
             ^^^^^^^^^^^^^^^^^^^^^^^^^^^^^
  File "C:\Users\mbonatte\Documents\Coding\histra-job-runner\.venv\Lib\site-packages\histra\solver\newton_line_search.py", line 88, in solve_current_step
    update_code = self.the_integrator.update(model, p, an)
                  ^^^^^^^^^^^^^^^^^^^^^^^^^^^^^^^^^^^^^^^^
  File "C:\Users\mbonatte\Documents\Coding\histra-job-runner\.venv\Lib\site-packages\histra\solver\load_control.py", line 132, in update
    ModelManager.update_domain(model, p.ls, self.state)
  File "C:\Users\mbonatte\Documents\Coding\histra-job-runner\.venv\Lib\site-packages\histra\solver\model_manager.py", line 207, in update_domain
    quad.update_domain(ls, state, model.collections)
  File "C:\Users\mbonatte\Documents\Coding\histra-job-runner\.venv\Lib\site-packages\histra\elements\quad.py", line 1032, in update_domain
    self.spring.set_trial_strain_takeda_diagonal_quad(
  File "C:\Users\mbonatte\Documents\Coding\histra-job-runner\.venv\Lib\site-packages\histra\springs\coulomb03.py", line 682, in set_trial_strain_takeda_diagonal_quad
    self._trot_yn = self._get_current_yielding_displacement_compression(self._c_phase_unload_c, dstrain)
                    ^^^^^^^^^^^^^^^^^^^^^^^^^^^^^^^^^^^^^^^^^^^^^^^^^^^^^^^^^^^^^^^^^^^^^^^^^^^^^^^^^^^^
  File "C:\Users\mbonatte\Documents\Coding\histra-job-runner\.venv\Lib\site-packages\histra\springs\coulomb03.py", line 432, in _get_current_yielding_displacement_compression
    num = self._trot_pu + self.mom1n / tc
                          ~~~~~~~~~~~^~~~
ZeroDivisionError: float division by zero
